// Jest Snapshot v1, https://goo.gl/fbAQLP

exports[`It should render 1`] = `null`;
