// Jest Snapshot v1, https://goo.gl/fbAQLP

exports[`It should render 1`] = `
<button
  className="undefined font-weight-bold btn btn-primary"
  disabled={false}
  onClick={[Function]}
  type="button"
>
  Thêm người tham dự
</button>
`;
